// Jest Snapshot v1, https://goo.gl/fbAQLP

exports[`amend court case should amend the court case 1`] = `
Object {
  "AnnotatedHearingOutcome": Object {
    "HearingOutcome": Object {
      "Case": Object {
        "CourtCaseReferenceNumber": undefined,
        "CourtReference": Object {
          "MagistratesCourtReference": "41BP0510007",
        },
        "ForceOwner": Object {
          "BottomLevelCode": "00",
          "OrganisationUnitCode": "04CA00",
          "SecondLevelCode": "04",
          "ThirdLevelCode": "CA",
          "TopLevelCode": undefined,
        },
        "HearingDefendant": Object {
          "Address": Object {
            "AddressLine1": "112 Letsbeavenue",
            "AddressLine2": "Frimley,Camberley, Surrey",
            "AddressLine3": undefined,
            "AddressLine4": undefined,
            "AddressLine5": undefined,
          },
          "ArrestSummonsNumber": "9625UC0000000118191Z",
          "BailConditions": Array [
            "give to the court any passport held",
          ],
          "CourtPNCIdentifier": "2706/1234567P",
          "DefendantDetail": Object {
            "BirthDate": 1949-10-29T00:00:00.000Z,
            "Gender": 1,
            "GeneratedPNCFilename": "RIGOUT/DEAN",
            "PersonName": Object {
              "FamilyName": "Rigout",
              "GivenName": Array [
                "Dean",
              ],
              "Title": "Mr",
            },
          },
          "Offence": Array [
            Object {
              "ActualOffenceDateCode": "1",
              "ActualOffenceEndDate": undefined,
              "ActualOffenceStartDate": Object {
                "StartDate": 2007-09-15T00:00:00.000Z,
              },
              "ActualOffenceWording": "Burglary (with intent to steal - other than in dwelling)",
              "AddedByTheCourt": true,
              "AlcoholLevel": undefined,
              "ArrestDate": 2007-09-15T00:00:00.000Z,
              "ChargeDate": 2007-09-15T00:00:00.000Z,
              "CommittedOnBail": "D",
              "ConvictionDate": 2007-04-29T00:00:00.000Z,
              "CourtCaseReferenceNumber": undefined,
              "CourtOffenceSequenceNumber": 1,
              "CriminalProsecutionReference": Object {
                "DefendantOrOffender": Object {
                  "CheckDigit": "Z",
                  "DefendantOrOffenderSequenceNumber": "00000118191",
                  "OrganisationUnitIdentifierCode": Object {
                    "BottomLevelCode": "00",
                    "OrganisationUnitCode": "25UC00",
                    "SecondLevelCode": "25",
                    "ThirdLevelCode": "UC",
                    "TopLevelCode": undefined,
                  },
                  "Year": "96",
                },
                "OffenceReason": Object {
                  "OffenceCode": Object {
                    "ActOrSource": "TH",
                    "FullCode": "TH68027",
                    "Qualifier": undefined,
                    "Reason": "027",
                    "Year": "68",
                    "__type": "NonMatchingOffenceCode",
                  },
                  "__type": "NationalOffenceReason",
                },
                "OffenceReasonSequence": undefined,
              },
              "HomeOfficeClassification": "030/02",
              "LocationOfOffence": "Woolwich Common London",
              "ManualCourtCaseReference": undefined,
              "ManualSequenceNumber": undefined,
              "NotifiableToHOindicator": true,
              "OffenceCategory": "CE",
              "OffenceTitle": "Burglary other than dwelling with intent to steal",
              "RecordableOnPNCindicator": true,
              "Result": Array [
                Object {
                  "AmountSpecifiedInResult": undefined,
                  "BailCondition": Array [],
                  "CJSresultCode": 4023,
                  "ConvictingCourt": "2723",
                  "CourtType": "MCA",
                  "DateSpecifiedInResult": undefined,
                  "Duration": Array [],
                  "ModeOfTrialReason": "EST",
                  "NextCourtType": "MCA",
                  "NextHearingDate": 2008-02-01T00:00:00.000Z,
                  "NextHearingTime": "13:30",
                  "NextResultSourceOrganisation": Object {
                    "BottomLevelCode": "00",
                    "OrganisationUnitCode": "B41ME00",
                    "SecondLevelCode": "41",
                    "ThirdLevelCode": "ME",
                    "TopLevelCode": "B",
                  },
                  "NumberOfOffencesTIC": undefined,
                  "NumberSpecifiedInResult": undefined,
                  "OffenceRemandStatus": "CB",
                  "PNCAdjudicationExists": undefined,
                  "PNCDisposalType": 4023,
                  "PleaStatus": "NG",
                  "ReasonForOffenceBailConditions": "to ensure appearance;",
                  "ResultApplicableQualifierCode": Array [],
                  "ResultClass": "Adjournment post Judgement",
                  "ResultHalfLifeHours": 72,
                  "ResultHearingDate": 2007-04-29T00:00:00.000Z,
                  "ResultHearingType": "OTHER",
                  "ResultQualifierVariable": Array [],
                  "ResultVariableText": "Remittal for Sentence on Adjournment",
                  "SourceOrganisation": Object {
                    "BottomLevelCode": "00",
                    "OrganisationUnitCode": "B41ME00",
                    "SecondLevelCode": "41",
                    "ThirdLevelCode": "ME",
                    "TopLevelCode": "B",
                  },
                  "Urgent": undefined,
                  "Verdict": "G",
                  "WarrantIssueDate": undefined,
                },
              ],
            },
          ],
          "OrganisationName": undefined,
          "PNCCheckname": undefined,
          "PNCIdentifier": undefined,
          "ReasonForBailConditions": "to ensure appearance;",
          "RemandStatus": "CB",
        },
        "ManualForceOwner": undefined,
        "PTIURN": "41BP0510007",
        "PenaltyNoticeCaseReferenceNumber": undefined,
        "PreChargeDecisionIndicator": false,
        "RecordableOnPNCindicator": true,
        "Urgent": undefined,
      },
      "Hearing": Object {
        "CourtHearingLocation": Object {
          "BottomLevelCode": "00",
          "OrganisationUnitCode": "B41ME00",
          "SecondLevelCode": "41",
          "ThirdLevelCode": "ME",
          "TopLevelCode": "B",
        },
        "CourtHouseCode": 1892,
        "CourtHouseName": "Magistrates' Courts Hertfordshire St Albans",
        "CourtType": "MCA",
        "DateOfHearing": 2008-01-11T00:00:00.000Z,
        "DefendantPresentAtHearing": "Y",
        "HearingDocumentationLanguage": "D",
        "HearingLanguage": "D",
        "SourceReference": Object {
          "DocumentName": "SPI Dean Rigout",
          "DocumentType": "SPI Case Result",
          "UniqueID": "http://www.altova.com",
        },
        "TimeOfHearing": "13:30",
      },
    },
  },
  "Exceptions": Array [
    Object {
      "code": "HO100304",
      "path": Array [
        "AnnotatedHearingOutcome",
        "HearingOutcome",
        "Case",
        "HearingDefendant",
        "ArrestSummonsNumber",
      ],
    },
  ],
  "PncErrorMessage": undefined,
  "PncQuery": Object {
    "checkName": "MIDDLETONN",
    "courtCases": Array [
      Object {
        "courtCaseReference": "97/1626/008395Q",
        "offences": Array [
          Object {
            "adjudication": undefined,
            "disposals": undefined,
            "offence": Object {
              "acpoOffenceCode": "12:15:24:1",
              "cjsOffenceCode": "TH68006",
              "endTime": undefined,
              "qualifier1": "",
              "qualifier2": "",
              "sequenceNumber": 1,
              "startDate": 2010-11-28T00:00:00.000Z,
              "startTime": "22:20",
              "title": "Theft of pedal cycle",
            },
          },
        ],
      },
    ],
    "forceStationCode": "04CA",
    "penaltyCases": undefined,
    "pncId": "2000/0459646G",
  },
  "PncQueryDate": 2022-07-27T00:00:00.000Z,
}
`;

exports[`amend court case should amend the court case when the lock is held by the current user 1`] = `
Object {
  "AnnotatedHearingOutcome": Object {
    "HearingOutcome": Object {
      "Case": Object {
        "CourtCaseReferenceNumber": undefined,
        "CourtReference": Object {
          "MagistratesCourtReference": "41BP0510007",
        },
        "ForceOwner": Object {
          "BottomLevelCode": "00",
          "OrganisationUnitCode": "04CA00",
          "SecondLevelCode": "04",
          "ThirdLevelCode": "CA",
          "TopLevelCode": undefined,
        },
        "HearingDefendant": Object {
          "Address": Object {
            "AddressLine1": "112 Letsbeavenue",
            "AddressLine2": "Frimley,Camberley, Surrey",
            "AddressLine3": undefined,
            "AddressLine4": undefined,
            "AddressLine5": undefined,
          },
          "ArrestSummonsNumber": "9625UC0000000118191Z",
          "BailConditions": Array [
            "give to the court any passport held",
          ],
          "CourtPNCIdentifier": "2706/1234567P",
          "DefendantDetail": Object {
            "BirthDate": 1949-10-29T00:00:00.000Z,
            "Gender": 1,
            "GeneratedPNCFilename": "RIGOUT/DEAN",
            "PersonName": Object {
              "FamilyName": "Rigout",
              "GivenName": Array [
                "Dean",
              ],
              "Title": "Mr",
            },
          },
          "Offence": Array [
            Object {
              "ActualOffenceDateCode": "1",
              "ActualOffenceEndDate": undefined,
              "ActualOffenceStartDate": Object {
                "StartDate": 2007-09-15T00:00:00.000Z,
              },
              "ActualOffenceWording": "Burglary (with intent to steal - other than in dwelling)",
              "AddedByTheCourt": true,
              "AlcoholLevel": undefined,
              "ArrestDate": 2007-09-15T00:00:00.000Z,
              "ChargeDate": 2007-09-15T00:00:00.000Z,
              "CommittedOnBail": "D",
              "ConvictionDate": 2007-04-29T00:00:00.000Z,
              "CourtCaseReferenceNumber": undefined,
              "CourtOffenceSequenceNumber": 1,
              "CriminalProsecutionReference": Object {
                "DefendantOrOffender": Object {
                  "CheckDigit": "Z",
                  "DefendantOrOffenderSequenceNumber": "00000118191",
                  "OrganisationUnitIdentifierCode": Object {
                    "BottomLevelCode": "00",
                    "OrganisationUnitCode": "25UC00",
                    "SecondLevelCode": "25",
                    "ThirdLevelCode": "UC",
                    "TopLevelCode": undefined,
                  },
                  "Year": "96",
                },
                "OffenceReason": Object {
                  "OffenceCode": Object {
                    "ActOrSource": "TH",
                    "FullCode": "TH68027",
                    "Qualifier": undefined,
                    "Reason": "027",
                    "Year": "68",
                    "__type": "NonMatchingOffenceCode",
                  },
                  "__type": "NationalOffenceReason",
                },
                "OffenceReasonSequence": undefined,
              },
              "HomeOfficeClassification": "030/02",
              "LocationOfOffence": "Woolwich Common London",
              "ManualCourtCaseReference": undefined,
              "ManualSequenceNumber": undefined,
              "NotifiableToHOindicator": true,
              "OffenceCategory": "CE",
              "OffenceTitle": "Burglary other than dwelling with intent to steal",
              "RecordableOnPNCindicator": true,
              "Result": Array [
                Object {
                  "AmountSpecifiedInResult": undefined,
                  "BailCondition": Array [],
                  "CJSresultCode": 4023,
                  "ConvictingCourt": "2723",
                  "CourtType": "MCA",
                  "DateSpecifiedInResult": undefined,
                  "Duration": Array [],
                  "ModeOfTrialReason": "EST",
                  "NextCourtType": "MCA",
                  "NextHearingDate": 2008-02-01T00:00:00.000Z,
                  "NextHearingTime": "13:30",
                  "NextResultSourceOrganisation": Object {
                    "BottomLevelCode": "00",
                    "OrganisationUnitCode": "B41ME00",
                    "SecondLevelCode": "41",
                    "ThirdLevelCode": "ME",
                    "TopLevelCode": "B",
                  },
                  "NumberOfOffencesTIC": undefined,
                  "NumberSpecifiedInResult": undefined,
                  "OffenceRemandStatus": "CB",
                  "PNCAdjudicationExists": undefined,
                  "PNCDisposalType": 4023,
                  "PleaStatus": "NG",
                  "ReasonForOffenceBailConditions": "to ensure appearance;",
                  "ResultApplicableQualifierCode": Array [],
                  "ResultClass": "Adjournment post Judgement",
                  "ResultHalfLifeHours": 72,
                  "ResultHearingDate": 2007-04-29T00:00:00.000Z,
                  "ResultHearingType": "OTHER",
                  "ResultQualifierVariable": Array [],
                  "ResultVariableText": "Remittal for Sentence on Adjournment",
                  "SourceOrganisation": Object {
                    "BottomLevelCode": "00",
                    "OrganisationUnitCode": "B41ME00",
                    "SecondLevelCode": "41",
                    "ThirdLevelCode": "ME",
                    "TopLevelCode": "B",
                  },
                  "Urgent": undefined,
                  "Verdict": "G",
                  "WarrantIssueDate": undefined,
                },
              ],
            },
          ],
          "OrganisationName": undefined,
          "PNCCheckname": undefined,
          "PNCIdentifier": undefined,
          "ReasonForBailConditions": "to ensure appearance;",
          "RemandStatus": "CB",
        },
        "ManualForceOwner": undefined,
        "PTIURN": "41BP0510007",
        "PenaltyNoticeCaseReferenceNumber": undefined,
        "PreChargeDecisionIndicator": false,
        "RecordableOnPNCindicator": true,
        "Urgent": undefined,
      },
      "Hearing": Object {
        "CourtHearingLocation": Object {
          "BottomLevelCode": "00",
          "OrganisationUnitCode": "B41ME00",
          "SecondLevelCode": "41",
          "ThirdLevelCode": "ME",
          "TopLevelCode": "B",
        },
        "CourtHouseCode": 1892,
        "CourtHouseName": "Magistrates' Courts Hertfordshire St Albans",
        "CourtType": "MCA",
        "DateOfHearing": 2008-01-11T00:00:00.000Z,
        "DefendantPresentAtHearing": "Y",
        "HearingDocumentationLanguage": "D",
        "HearingLanguage": "D",
        "SourceReference": Object {
          "DocumentName": "SPI Dean Rigout",
          "DocumentType": "SPI Case Result",
          "UniqueID": "http://www.altova.com",
        },
        "TimeOfHearing": "13:30",
      },
    },
  },
  "Exceptions": Array [
    Object {
      "code": "HO100304",
      "path": Array [
        "AnnotatedHearingOutcome",
        "HearingOutcome",
        "Case",
        "HearingDefendant",
        "ArrestSummonsNumber",
      ],
    },
  ],
  "PncErrorMessage": undefined,
  "PncQuery": Object {
    "checkName": "MIDDLETONN",
    "courtCases": Array [
      Object {
        "courtCaseReference": "97/1626/008395Q",
        "offences": Array [
          Object {
            "adjudication": undefined,
            "disposals": undefined,
            "offence": Object {
              "acpoOffenceCode": "12:15:24:1",
              "cjsOffenceCode": "TH68006",
              "endTime": undefined,
              "qualifier1": "",
              "qualifier2": "",
              "sequenceNumber": 1,
              "startDate": 2010-11-28T00:00:00.000Z,
              "startTime": "22:20",
              "title": "Theft of pedal cycle",
            },
          },
        ],
      },
    ],
    "forceStationCode": "04CA",
    "penaltyCases": undefined,
    "pncId": "2000/0459646G",
  },
  "PncQueryDate": 2022-07-27T00:00:00.000Z,
}
`;

exports[`amend court case should create a force owner if the force owner is not present 1`] = `
Object {
  "AnnotatedHearingOutcome": Object {
    "HearingOutcome": Object {
      "Case": Object {
        "CourtCaseReferenceNumber": "97/1626/008395Q",
        "CourtReference": Object {
          "MagistratesCourtReference": "01ZD0303208",
        },
        "ForceOwner": Object {
          "BottomLevelCode": "00",
          "OrganisationUnitCode": "36FP00",
          "SecondLevelCode": "36",
          "ThirdLevelCode": "FP",
        },
        "HearingDefendant": Object {
          "Address": Object {
            "AddressLine1": "Scenario1 Address Line 1",
            "AddressLine2": "Scenario1 Address Line 2",
            "AddressLine3": "Scenario1 Address Line 3",
            "AddressLine4": undefined,
            "AddressLine5": undefined,
          },
          "ArrestSummonsNumber": "1101ZD0100000448754K",
          "BailConditions": Array [],
          "CourtPNCIdentifier": undefined,
          "DefendantDetail": Object {
            "BirthDate": 1948-11-11T00:00:00.000Z,
            "Gender": 1,
            "GeneratedPNCFilename": "SEXOFFENCE/TRPRFOUR",
            "PersonName": Object {
              "FamilyName": "SEXOFFENCE",
              "GivenName": Array [
                "TRPRFOUR",
              ],
              "Title": "Mr",
            },
          },
          "Offence": Array [
            Object {
              "ActualOffenceDateCode": "1",
              "ActualOffenceEndDate": undefined,
              "ActualOffenceStartDate": Object {
                "StartDate": 2010-11-28T00:00:00.000Z,
              },
              "ActualOffenceWording": "Attempt to rape a girl aged 13 / 14 / 15 / years of age - SOA 2003.",
              "AddedByTheCourt": undefined,
              "AlcoholLevel": undefined,
              "ArrestDate": 2010-12-01T00:00:00.000Z,
              "ChargeDate": 2010-12-02T00:00:00.000Z,
              "CommittedOnBail": "D",
              "ConvictionDate": 2011-09-26T00:00:00.000Z,
              "CourtCaseReferenceNumber": undefined,
              "CourtOffenceSequenceNumber": 1,
              "CriminalProsecutionReference": Object {
                "DefendantOrOffender": Object {
                  "CheckDigit": "K",
                  "DefendantOrOffenderSequenceNumber": "00000448754",
                  "OrganisationUnitIdentifierCode": Object {
                    "BottomLevelCode": "01",
                    "OrganisationUnitCode": "01ZD01",
                    "SecondLevelCode": "01",
                    "ThirdLevelCode": "ZD",
                    "TopLevelCode": undefined,
                  },
                  "Year": "11",
                },
                "OffenceReason": Object {
                  "OffenceCode": Object {
                    "ActOrSource": "SX",
                    "FullCode": "SX03001A",
                    "Qualifier": "A",
                    "Reason": "001",
                    "Year": "03",
                    "__type": "NonMatchingOffenceCode",
                  },
                  "__type": "NationalOffenceReason",
                },
                "OffenceReasonSequence": "001",
              },
              "HomeOfficeClassification": "019/11",
              "LocationOfOffence": "Kingston High Street",
              "ManualCourtCaseReference": undefined,
              "ManualSequenceNumber": undefined,
              "NotifiableToHOindicator": true,
              "OffenceCategory": "CI",
              "OffenceTitle": "Attempt to rape a girl aged 13 / 14 / 15 years of age - SOA 2003",
              "RecordableOnPNCindicator": true,
              "Result": Array [
                Object {
                  "AmountSpecifiedInResult": undefined,
                  "BailCondition": Array [],
                  "CJSresultCode": 3078,
                  "ConvictingCourt": undefined,
                  "CourtType": "MCA",
                  "DateSpecifiedInResult": undefined,
                  "Duration": Array [],
                  "ModeOfTrialReason": "SUM",
                  "NextCourtType": undefined,
                  "NextHearingDate": undefined,
                  "NextHearingTime": undefined,
                  "NextResultSourceOrganisation": undefined,
                  "NumberOfOffencesTIC": undefined,
                  "NumberSpecifiedInResult": undefined,
                  "OffenceRemandStatus": undefined,
                  "PNCAdjudicationExists": false,
                  "PNCDisposalType": 3078,
                  "PleaStatus": "NG",
                  "ReasonForOffenceBailConditions": undefined,
                  "ResultApplicableQualifierCode": Array [],
                  "ResultClass": "Judgement with final result",
                  "ResultHalfLifeHours": 72,
                  "ResultHearingDate": 2011-09-26T00:00:00.000Z,
                  "ResultHearingType": "OTHER",
                  "ResultQualifierVariable": Array [],
                  "ResultVariableText": "Travel Restriction Order",
                  "SourceOrganisation": Object {
                    "BottomLevelCode": "01",
                    "OrganisationUnitCode": "B01EF01",
                    "SecondLevelCode": "01",
                    "ThirdLevelCode": "EF",
                    "TopLevelCode": "B",
                  },
                  "Urgent": undefined,
                  "Verdict": "G",
                  "WarrantIssueDate": undefined,
                },
              ],
            },
            Object {
              "ActualOffenceDateCode": "1",
              "ActualOffenceEndDate": undefined,
              "ActualOffenceStartDate": Object {
                "StartDate": 2010-11-28T00:00:00.000Z,
              },
              "ActualOffenceWording": "Rape of a Female",
              "AddedByTheCourt": undefined,
              "AlcoholLevel": undefined,
              "ArrestDate": 2010-12-01T00:00:00.000Z,
              "ChargeDate": 2010-12-02T00:00:00.000Z,
              "CommittedOnBail": "D",
              "ConvictionDate": 2011-09-26T00:00:00.000Z,
              "CourtCaseReferenceNumber": undefined,
              "CourtOffenceSequenceNumber": 2,
              "CriminalProsecutionReference": Object {
                "DefendantOrOffender": Object {
                  "CheckDigit": "K",
                  "DefendantOrOffenderSequenceNumber": "00000448754",
                  "OrganisationUnitIdentifierCode": Object {
                    "BottomLevelCode": "01",
                    "OrganisationUnitCode": "01ZD01",
                    "SecondLevelCode": "01",
                    "ThirdLevelCode": "ZD",
                    "TopLevelCode": undefined,
                  },
                  "Year": "11",
                },
                "OffenceReason": Object {
                  "OffenceCode": Object {
                    "ActOrSource": "SX",
                    "FullCode": "SX03001",
                    "Qualifier": undefined,
                    "Reason": "001",
                    "Year": "03",
                    "__type": "NonMatchingOffenceCode",
                  },
                  "__type": "NationalOffenceReason",
                },
                "OffenceReasonSequence": "002",
              },
              "HomeOfficeClassification": "019/07",
              "LocationOfOffence": "Kingston High Street",
              "ManualCourtCaseReference": undefined,
              "ManualSequenceNumber": undefined,
              "NotifiableToHOindicator": true,
              "OffenceCategory": "CI",
              "OffenceTitle": "Rape a girl aged 13 / 14 / 15 - SOA 2003",
              "RecordableOnPNCindicator": true,
              "Result": Array [
                Object {
                  "AmountSpecifiedInResult": undefined,
                  "BailCondition": Array [],
                  "CJSresultCode": 3052,
                  "ConvictingCourt": undefined,
                  "CourtType": "MCA",
                  "DateSpecifiedInResult": undefined,
                  "Duration": Array [],
                  "ModeOfTrialReason": "SUM",
                  "NextCourtType": undefined,
                  "NextHearingDate": undefined,
                  "NextHearingTime": undefined,
                  "NextResultSourceOrganisation": undefined,
                  "NumberOfOffencesTIC": undefined,
                  "NumberSpecifiedInResult": undefined,
                  "OffenceRemandStatus": undefined,
                  "PNCAdjudicationExists": false,
                  "PNCDisposalType": 3052,
                  "PleaStatus": "NG",
                  "ReasonForOffenceBailConditions": undefined,
                  "ResultApplicableQualifierCode": Array [],
                  "ResultClass": "Judgement with final result",
                  "ResultHalfLifeHours": 24,
                  "ResultHearingDate": 2011-09-26T00:00:00.000Z,
                  "ResultHearingType": "OTHER",
                  "ResultQualifierVariable": Array [],
                  "ResultVariableText": "defendant must never be allowed out",
                  "SourceOrganisation": Object {
                    "BottomLevelCode": "01",
                    "OrganisationUnitCode": "B01EF01",
                    "SecondLevelCode": "01",
                    "ThirdLevelCode": "EF",
                    "TopLevelCode": "B",
                  },
                  "Urgent": Object {
                    "urgency": 24,
                    "urgent": true,
                  },
                  "Verdict": "G",
                  "WarrantIssueDate": undefined,
                },
              ],
            },
            Object {
              "ActualOffenceDateCode": "1",
              "ActualOffenceEndDate": undefined,
              "ActualOffenceStartDate": Object {
                "StartDate": 2010-11-28T00:00:00.000Z,
              },
              "ActualOffenceWording": "Use a motor vehicle without third party insurance.",
              "AddedByTheCourt": undefined,
              "AlcoholLevel": undefined,
              "ArrestDate": 2010-12-01T00:00:00.000Z,
              "ChargeDate": 2010-12-02T00:00:00.000Z,
              "CommittedOnBail": "D",
              "ConvictionDate": 2011-09-26T00:00:00.000Z,
              "CourtCaseReferenceNumber": undefined,
              "CourtOffenceSequenceNumber": 3,
              "CriminalProsecutionReference": Object {
                "DefendantOrOffender": Object {
                  "CheckDigit": "K",
                  "DefendantOrOffenderSequenceNumber": "00000448754",
                  "OrganisationUnitIdentifierCode": Object {
                    "BottomLevelCode": "01",
                    "OrganisationUnitCode": "01ZD01",
                    "SecondLevelCode": "01",
                    "ThirdLevelCode": "ZD",
                    "TopLevelCode": undefined,
                  },
                  "Year": "11",
                },
                "OffenceReason": Object {
                  "OffenceCode": Object {
                    "ActOrSource": "RT",
                    "FullCode": "RT88191",
                    "Qualifier": undefined,
                    "Reason": "191",
                    "Year": "88",
                    "__type": "NonMatchingOffenceCode",
                  },
                  "__type": "NationalOffenceReason",
                },
                "OffenceReasonSequence": "003",
              },
              "HomeOfficeClassification": "809/01",
              "LocationOfOffence": "Kingston High Street",
              "ManualCourtCaseReference": undefined,
              "ManualSequenceNumber": undefined,
              "NotifiableToHOindicator": false,
              "OffenceCategory": "CM",
              "OffenceTitle": "Use a motor vehicle on a road / public place without third party insurance",
              "RecordableOnPNCindicator": false,
              "Result": Array [
                Object {
                  "AmountSpecifiedInResult": Array [
                    Object {
                      "Amount": 100,
                      "DecimalPlaces": 2,
                      "Type": "Fine",
                    },
                  ],
                  "BailCondition": Array [],
                  "CJSresultCode": 1015,
                  "ConvictingCourt": undefined,
                  "CourtType": "MCA",
                  "DateSpecifiedInResult": undefined,
                  "Duration": Array [],
                  "ModeOfTrialReason": "SUM",
                  "NextCourtType": undefined,
                  "NextHearingDate": undefined,
                  "NextHearingTime": undefined,
                  "NextResultSourceOrganisation": undefined,
                  "NumberOfOffencesTIC": undefined,
                  "NumberSpecifiedInResult": undefined,
                  "OffenceRemandStatus": undefined,
                  "PNCAdjudicationExists": false,
                  "PNCDisposalType": 1015,
                  "PleaStatus": "NG",
                  "ReasonForOffenceBailConditions": undefined,
                  "ResultApplicableQualifierCode": Array [],
                  "ResultClass": "Judgement with final result",
                  "ResultHalfLifeHours": 72,
                  "ResultHearingDate": 2011-09-26T00:00:00.000Z,
                  "ResultHearingType": "OTHER",
                  "ResultQualifierVariable": Array [],
                  "ResultVariableText": "Fined 100.",
                  "SourceOrganisation": Object {
                    "BottomLevelCode": "01",
                    "OrganisationUnitCode": "B01EF01",
                    "SecondLevelCode": "01",
                    "ThirdLevelCode": "EF",
                    "TopLevelCode": "B",
                  },
                  "Urgent": undefined,
                  "Verdict": "G",
                  "WarrantIssueDate": undefined,
                },
              ],
            },
          ],
          "OrganisationName": undefined,
          "PNCCheckname": "SEXOFFENCE",
          "PNCIdentifier": "2000/0448754K",
          "ReasonForBailConditions": undefined,
          "RemandStatus": "UB",
        },
        "ManualForceOwner": undefined,
        "PTIURN": "01ZD0303208",
        "PenaltyNoticeCaseReferenceNumber": undefined,
        "PreChargeDecisionIndicator": false,
        "RecordableOnPNCindicator": true,
        "Urgent": Object {
          "urgency": 24,
          "urgent": true,
        },
      },
      "Hearing": Object {
        "CourtHearingLocation": Object {
          "BottomLevelCode": "01",
          "OrganisationUnitCode": "B01EF01",
          "SecondLevelCode": "01",
          "ThirdLevelCode": "EF",
          "TopLevelCode": "B",
        },
        "CourtHouseCode": 2576,
        "CourtHouseName": "London Croydon",
        "CourtType": "MCA",
        "DateOfHearing": 2011-09-26T00:00:00.000Z,
        "DefendantPresentAtHearing": "A",
        "HearingDocumentationLanguage": "D",
        "HearingLanguage": "D",
        "SourceReference": Object {
          "DocumentName": "SPI TRPRFOUR SEXOFFENCE",
          "DocumentType": "SPI Case Result",
          "UniqueID": "CID-8bc6ee0a-46ac-4a0e-b9be-b03e3b041415",
        },
        "TimeOfHearing": "10:00",
      },
    },
  },
  "Exceptions": Array [],
  "PncErrorMessage": undefined,
  "PncQuery": Object {
    "checkName": "SEXOFFENCE",
    "courtCases": Array [
      Object {
        "courtCaseReference": "97/1626/008395Q",
        "offences": Array [
          Object {
            "adjudication": undefined,
            "disposals": undefined,
            "offence": Object {
              "acpoOffenceCode": "12:15:24:1",
              "cjsOffenceCode": "SX03001A",
              "endTime": undefined,
              "qualifier1": "",
              "qualifier2": "",
              "sequenceNumber": 1,
              "startDate": 2010-11-28T00:00:00.000Z,
              "startTime": "00:00",
              "title": "Attempt to rape a girl aged 13 / 14 / 15 years of age - SOA 2003",
            },
          },
          Object {
            "adjudication": undefined,
            "disposals": undefined,
            "offence": Object {
              "acpoOffenceCode": "12:15:24:1",
              "cjsOffenceCode": "SX03001",
              "endTime": undefined,
              "qualifier1": "",
              "qualifier2": "",
              "sequenceNumber": 2,
              "startDate": 2010-11-28T00:00:00.000Z,
              "startTime": "00:00",
              "title": "Rape a girl aged 13 / 14 / 15 - SOA 2003",
            },
          },
          Object {
            "adjudication": undefined,
            "disposals": undefined,
            "offence": Object {
              "acpoOffenceCode": "12:15:24:1",
              "cjsOffenceCode": "RT88191",
              "endTime": undefined,
              "qualifier1": "",
              "qualifier2": "",
              "sequenceNumber": 3,
              "startDate": 2010-11-28T00:00:00.000Z,
              "startTime": "00:00",
              "title": "Use a motor vehicle on a road / public place without third party insurance",
            },
          },
        ],
      },
    ],
    "forceStationCode": "01ZD",
    "penaltyCases": undefined,
    "pncId": "2000/0448754K",
  },
  "PncQueryDate": 2022-03-22T00:00:00.000Z,
}
`;

exports[`amend court case should not update the db if the case is locked by somebody else 1`] = `
Object {
  "AnnotatedHearingOutcome": Object {
    "HearingOutcome": Object {
      "Case": Object {
        "CourtCaseReferenceNumber": undefined,
        "CourtReference": Object {
          "MagistratesCourtReference": "41BP0510007",
        },
        "ForceOwner": Object {
          "BottomLevelCode": "00",
          "OrganisationUnitCode": "04CA00",
          "SecondLevelCode": "04",
          "ThirdLevelCode": "CA",
          "TopLevelCode": undefined,
        },
        "HearingDefendant": Object {
          "Address": Object {
            "AddressLine1": "112 Letsbeavenue",
            "AddressLine2": "Frimley,Camberley, Surrey",
            "AddressLine3": undefined,
            "AddressLine4": undefined,
            "AddressLine5": undefined,
          },
          "ArrestSummonsNumber": "9625UC0000000118191Z",
          "BailConditions": Array [
            "give to the court any passport held",
          ],
          "CourtPNCIdentifier": "2706/1234567P",
          "DefendantDetail": Object {
            "BirthDate": 1949-10-29T00:00:00.000Z,
            "Gender": 1,
            "GeneratedPNCFilename": "RIGOUT/DEAN",
            "PersonName": Object {
              "FamilyName": "Rigout",
              "GivenName": Array [
                "Dean",
              ],
              "Title": "Mr",
            },
          },
          "Offence": Array [
            Object {
              "ActualOffenceDateCode": "1",
              "ActualOffenceEndDate": undefined,
              "ActualOffenceStartDate": Object {
                "StartDate": 2007-09-15T00:00:00.000Z,
              },
              "ActualOffenceWording": "Burglary (with intent to steal - other than in dwelling)",
              "AddedByTheCourt": true,
              "AlcoholLevel": undefined,
              "ArrestDate": 2007-09-15T00:00:00.000Z,
              "ChargeDate": 2007-09-15T00:00:00.000Z,
              "CommittedOnBail": "D",
              "ConvictionDate": 2007-04-29T00:00:00.000Z,
              "CourtCaseReferenceNumber": undefined,
              "CourtOffenceSequenceNumber": 1,
              "CriminalProsecutionReference": Object {
                "DefendantOrOffender": Object {
                  "CheckDigit": "Z",
                  "DefendantOrOffenderSequenceNumber": "00000118191",
                  "OrganisationUnitIdentifierCode": Object {
                    "BottomLevelCode": "00",
                    "OrganisationUnitCode": "25UC00",
                    "SecondLevelCode": "25",
                    "ThirdLevelCode": "UC",
                    "TopLevelCode": undefined,
                  },
                  "Year": "96",
                },
                "OffenceReason": Object {
                  "OffenceCode": Object {
                    "ActOrSource": "TH",
                    "FullCode": "TH68027",
                    "Qualifier": undefined,
                    "Reason": "027",
                    "Year": "68",
                    "__type": "NonMatchingOffenceCode",
                  },
                  "__type": "NationalOffenceReason",
                },
                "OffenceReasonSequence": undefined,
              },
              "HomeOfficeClassification": "030/02",
              "LocationOfOffence": "Woolwich Common London",
              "ManualCourtCaseReference": undefined,
              "ManualSequenceNumber": undefined,
              "NotifiableToHOindicator": true,
              "OffenceCategory": "CE",
              "OffenceTitle": "Burglary other than dwelling with intent to steal",
              "RecordableOnPNCindicator": true,
              "Result": Array [
                Object {
                  "AmountSpecifiedInResult": undefined,
                  "BailCondition": Array [],
                  "CJSresultCode": 4023,
                  "ConvictingCourt": "2723",
                  "CourtType": "MCA",
                  "DateSpecifiedInResult": undefined,
                  "Duration": Array [],
                  "ModeOfTrialReason": "EST",
                  "NextCourtType": "MCA",
                  "NextHearingDate": 2008-02-01T00:00:00.000Z,
                  "NextHearingTime": "13:30",
                  "NextResultSourceOrganisation": Object {
                    "BottomLevelCode": "00",
                    "OrganisationUnitCode": "B41ME00",
                    "SecondLevelCode": "41",
                    "ThirdLevelCode": "ME",
                    "TopLevelCode": "B",
                  },
                  "NumberOfOffencesTIC": undefined,
                  "NumberSpecifiedInResult": undefined,
                  "OffenceRemandStatus": "CB",
                  "PNCAdjudicationExists": undefined,
                  "PNCDisposalType": 4023,
                  "PleaStatus": "NG",
                  "ReasonForOffenceBailConditions": "to ensure appearance;",
                  "ResultApplicableQualifierCode": Array [],
                  "ResultClass": "Adjournment post Judgement",
                  "ResultHalfLifeHours": 72,
                  "ResultHearingDate": 2007-04-29T00:00:00.000Z,
                  "ResultHearingType": "OTHER",
                  "ResultQualifierVariable": Array [],
                  "ResultVariableText": "Remittal for Sentence on Adjournment",
                  "SourceOrganisation": Object {
                    "BottomLevelCode": "00",
                    "OrganisationUnitCode": "B41ME00",
                    "SecondLevelCode": "41",
                    "ThirdLevelCode": "ME",
                    "TopLevelCode": "B",
                  },
                  "Urgent": undefined,
                  "Verdict": "G",
                  "WarrantIssueDate": undefined,
                },
              ],
            },
          ],
          "OrganisationName": undefined,
          "PNCCheckname": undefined,
          "PNCIdentifier": undefined,
          "ReasonForBailConditions": "to ensure appearance;",
          "RemandStatus": "CB",
        },
        "ManualForceOwner": undefined,
        "PTIURN": "41BP0510007",
        "PenaltyNoticeCaseReferenceNumber": undefined,
        "PreChargeDecisionIndicator": false,
        "RecordableOnPNCindicator": true,
        "Urgent": undefined,
      },
      "Hearing": Object {
        "CourtHearingLocation": Object {
          "BottomLevelCode": "00",
          "OrganisationUnitCode": "B41ME00",
          "SecondLevelCode": "41",
          "ThirdLevelCode": "ME",
          "TopLevelCode": "B",
        },
        "CourtHouseCode": 1892,
        "CourtHouseName": "Magistrates' Courts Hertfordshire St Albans",
        "CourtType": "MCA",
        "DateOfHearing": 2008-01-11T00:00:00.000Z,
        "DefendantPresentAtHearing": "Y",
        "HearingDocumentationLanguage": "D",
        "HearingLanguage": "D",
        "SourceReference": Object {
          "DocumentName": "SPI Dean Rigout",
          "DocumentType": "SPI Case Result",
          "UniqueID": "http://www.altova.com",
        },
        "TimeOfHearing": "13:30",
      },
    },
  },
  "Exceptions": Array [
    Object {
      "code": "HO100304",
      "path": Array [
        "AnnotatedHearingOutcome",
        "HearingOutcome",
        "Case",
        "HearingDefendant",
        "ArrestSummonsNumber",
      ],
    },
  ],
  "PncErrorMessage": undefined,
  "PncQuery": Object {
    "checkName": "MIDDLETONN",
    "courtCases": Array [
      Object {
        "courtCaseReference": "97/1626/008395Q",
        "offences": Array [
          Object {
            "adjudication": undefined,
            "disposals": undefined,
            "offence": Object {
              "acpoOffenceCode": "12:15:24:1",
              "cjsOffenceCode": "TH68006",
              "endTime": undefined,
              "qualifier1": "",
              "qualifier2": "",
              "sequenceNumber": 1,
              "startDate": 2010-11-28T00:00:00.000Z,
              "startTime": "22:20",
              "title": "Theft of pedal cycle",
            },
          },
        ],
      },
    ],
    "forceStationCode": "04CA",
    "penaltyCases": undefined,
    "pncId": "2000/0459646G",
  },
  "PncQueryDate": 2022-07-27T00:00:00.000Z,
}
`;
