// Jest Snapshot v1, https://goo.gl/fbAQLP

exports[`resubmit court case should resubmit a court case with no updates 1`] = `
{
  "AnnotatedHearingOutcome": {
    "HearingOutcome": {
      "Case": {
        "CourtCaseReferenceNumber": undefined,
        "CourtReference": {
          "MagistratesCourtReference": "01ZD0300208",
        },
        "ForceOwner": {
          "BottomLevelCode": "00",
          "OrganisationUnitCode": "01ZD00",
          "SecondLevelCode": "01",
          "ThirdLevelCode": "ZD",
          "TopLevelCode": undefined,
        },
        "HearingDefendant": {
          "Address": {
            "AddressLine1": "ScenarioAE Address Line 1",
            "AddressLine2": "ScenarioAE Address Line 2",
            "AddressLine3": "ScenarioAE Address Line 3",
            "AddressLine4": undefined,
            "AddressLine5": undefined,
          },
          "ArrestSummonsNumber": "1101ZD0100000411423H",
          "BailConditions": [],
          "CourtPNCIdentifier": undefined,
          "DefendantDetail": {
            "BirthDate": 1948-11-11T00:00:00.000Z,
            "Gender": 1,
            "GeneratedPNCFilename": "PINKERTON/MARCUS",
            "PersonName": {
              "FamilyName": "Pinkerton",
              "GivenName": [
                "Marcus",
              ],
              "Title": "Mr",
            },
          },
          "Offence": [
            {
              "ActualOffenceDateCode": "1",
              "ActualOffenceEndDate": {
                "EndDate": 2010-09-23T00:00:00.000Z,
              },
              "ActualOffenceStartDate": {
                "StartDate": 2010-09-21T00:00:00.000Z,
              },
              "ActualOffenceWording": "Theft from shop - shoplifting.",
              "AddedByTheCourt": undefined,
              "AlcoholLevel": undefined,
              "ArrestDate": 2010-09-25T00:00:00.000Z,
              "ChargeDate": 2010-09-25T00:00:00.000Z,
              "CommittedOnBail": "D",
              "ConvictionDate": 2011-10-01T00:00:00.000Z,
              "CourtCaseReferenceNumber": undefined,
              "CourtOffenceSequenceNumber": 1,
              "CriminalProsecutionReference": {
                "DefendantOrOffender": {
                  "CheckDigit": "H",
                  "DefendantOrOffenderSequenceNumber": "00000411423",
                  "OrganisationUnitIdentifierCode": {
                    "BottomLevelCode": "01",
                    "OrganisationUnitCode": "01ZD01",
                    "SecondLevelCode": "01",
                    "ThirdLevelCode": "ZD",
                    "TopLevelCode": undefined,
                  },
                  "Year": "11",
                },
                "OffenceReason": {
                  "OffenceCode": {
                    "ActOrSource": "TH",
                    "FullCode": "TH68010",
                    "Qualifier": undefined,
                    "Reason": "010",
                    "Year": "68",
                    "__type": "NonMatchingOffenceCode",
                  },
                  "__type": "NationalOffenceReason",
                },
                "OffenceReasonSequence": undefined,
              },
              "HomeOfficeClassification": "046/00",
              "LocationOfOffence": "1 Kingston High Street",
              "ManualCourtCaseReference": undefined,
              "ManualSequenceNumber": undefined,
              "NotifiableToHOindicator": true,
              "OffenceCategory": "CE",
              "OffenceTitle": "Theft from a shop",
              "RecordableOnPNCindicator": true,
              "Result": [
                {
                  "AmountSpecifiedInResult": undefined,
                  "BailCondition": [],
                  "CJSresultCode": 1002,
                  "ConvictingCourt": undefined,
                  "CourtType": "MCA",
                  "DateSpecifiedInResult": undefined,
                  "Duration": [
                    {
                      "DurationLength": 12,
                      "DurationType": "Duration",
                      "DurationUnit": "M",
                    },
                  ],
                  "ModeOfTrialReason": "SUM",
                  "NextCourtType": undefined,
                  "NextHearingDate": undefined,
                  "NextHearingTime": undefined,
                  "NextResultSourceOrganisation": undefined,
                  "NumberOfOffencesTIC": undefined,
                  "NumberSpecifiedInResult": undefined,
                  "OffenceRemandStatus": undefined,
                  "PNCAdjudicationExists": undefined,
                  "PNCDisposalType": 1002,
                  "PleaStatus": "NG",
                  "ReasonForOffenceBailConditions": undefined,
                  "ResultApplicableQualifierCode": [],
                  "ResultClass": "Judgement with final result",
                  "ResultHalfLifeHours": 72,
                  "ResultHearingDate": 2011-10-01T00:00:00.000Z,
                  "ResultHearingType": "OTHER",
                  "ResultQualifierVariable": [],
                  "ResultVariableText": "Imprisonment for 12 Months",
                  "SourceOrganisation": {
                    "BottomLevelCode": "01",
                    "OrganisationUnitCode": "B01EF01",
                    "SecondLevelCode": "01",
                    "ThirdLevelCode": "EF",
                    "TopLevelCode": "B",
                  },
                  "Urgent": undefined,
                  "Verdict": "G",
                  "WarrantIssueDate": undefined,
                },
                {
                  "AmountSpecifiedInResult": [
                    {
                      "Amount": 100,
                      "DecimalPlaces": 2,
                      "Type": "Fine",
                    },
                  ],
                  "BailCondition": [],
                  "CJSresultCode": 1015,
                  "ConvictingCourt": undefined,
                  "CourtType": "MCA",
                  "DateSpecifiedInResult": undefined,
                  "Duration": [],
                  "ModeOfTrialReason": "SUM",
                  "NextCourtType": undefined,
                  "NextHearingDate": undefined,
                  "NextHearingTime": undefined,
                  "NextResultSourceOrganisation": undefined,
                  "NumberOfOffencesTIC": undefined,
                  "NumberSpecifiedInResult": undefined,
                  "OffenceRemandStatus": undefined,
                  "PNCAdjudicationExists": undefined,
                  "PNCDisposalType": 1015,
                  "PleaStatus": "NG",
                  "ReasonForOffenceBailConditions": undefined,
                  "ResultApplicableQualifierCode": [],
                  "ResultClass": "Judgement with final result",
                  "ResultHalfLifeHours": 72,
                  "ResultHearingDate": 2011-10-01T00:00:00.000Z,
                  "ResultHearingType": "OTHER",
                  "ResultQualifierVariable": [],
                  "ResultVariableText": "Fined 100.",
                  "SourceOrganisation": {
                    "BottomLevelCode": "01",
                    "OrganisationUnitCode": "B01EF01",
                    "SecondLevelCode": "01",
                    "ThirdLevelCode": "EF",
                    "TopLevelCode": "B",
                  },
                  "Urgent": undefined,
                  "Verdict": "G",
                  "WarrantIssueDate": undefined,
                },
              ],
            },
            {
              "ActualOffenceDateCode": "1",
              "ActualOffenceEndDate": {
                "EndDate": 2010-09-23T00:00:00.000Z,
              },
              "ActualOffenceStartDate": {
                "StartDate": 2010-09-21T00:00:00.000Z,
              },
              "ActualOffenceWording": "Theft from shop - shoplifting.",
              "AddedByTheCourt": undefined,
              "AlcoholLevel": undefined,
              "ArrestDate": 2010-09-25T00:00:00.000Z,
              "ChargeDate": 2010-09-25T00:00:00.000Z,
              "CommittedOnBail": "D",
              "ConvictionDate": 2011-10-01T00:00:00.000Z,
              "CourtCaseReferenceNumber": undefined,
              "CourtOffenceSequenceNumber": 2,
              "CriminalProsecutionReference": {
                "DefendantOrOffender": {
                  "CheckDigit": "H",
                  "DefendantOrOffenderSequenceNumber": "00000411423",
                  "OrganisationUnitIdentifierCode": {
                    "BottomLevelCode": "01",
                    "OrganisationUnitCode": "01ZD01",
                    "SecondLevelCode": "01",
                    "ThirdLevelCode": "ZD",
                    "TopLevelCode": undefined,
                  },
                  "Year": "11",
                },
                "OffenceReason": {
                  "OffenceCode": {
                    "ActOrSource": "TH",
                    "FullCode": "TH68010",
                    "Qualifier": undefined,
                    "Reason": "010",
                    "Year": "68",
                    "__type": "NonMatchingOffenceCode",
                  },
                  "__type": "NationalOffenceReason",
                },
                "OffenceReasonSequence": undefined,
              },
              "HomeOfficeClassification": "046/00",
              "LocationOfOffence": "1 Kingston High Street",
              "ManualCourtCaseReference": undefined,
              "ManualSequenceNumber": undefined,
              "NotifiableToHOindicator": true,
              "OffenceCategory": "CE",
              "OffenceTitle": "Theft from a shop",
              "RecordableOnPNCindicator": true,
              "Result": [
                {
                  "AmountSpecifiedInResult": [
                    {
                      "Amount": 300,
                      "DecimalPlaces": 2,
                      "Type": "Fine",
                    },
                  ],
                  "BailCondition": [],
                  "CJSresultCode": 1015,
                  "ConvictingCourt": undefined,
                  "CourtType": "MCA",
                  "DateSpecifiedInResult": undefined,
                  "Duration": [],
                  "ModeOfTrialReason": "SUM",
                  "NextCourtType": undefined,
                  "NextHearingDate": undefined,
                  "NextHearingTime": undefined,
                  "NextResultSourceOrganisation": undefined,
                  "NumberOfOffencesTIC": undefined,
                  "NumberSpecifiedInResult": undefined,
                  "OffenceRemandStatus": undefined,
                  "PNCAdjudicationExists": undefined,
                  "PNCDisposalType": 1015,
                  "PleaStatus": "NG",
                  "ReasonForOffenceBailConditions": undefined,
                  "ResultApplicableQualifierCode": [],
                  "ResultClass": "Judgement with final result",
                  "ResultHalfLifeHours": 72,
                  "ResultHearingDate": 2011-10-01T00:00:00.000Z,
                  "ResultHearingType": "OTHER",
                  "ResultQualifierVariable": [],
                  "ResultVariableText": "Fined 300.",
                  "SourceOrganisation": {
                    "BottomLevelCode": "01",
                    "OrganisationUnitCode": "B01EF01",
                    "SecondLevelCode": "01",
                    "ThirdLevelCode": "EF",
                    "TopLevelCode": "B",
                  },
                  "Urgent": undefined,
                  "Verdict": "G",
                  "WarrantIssueDate": undefined,
                },
                {
                  "AmountSpecifiedInResult": undefined,
                  "BailCondition": [],
                  "CJSresultCode": 1002,
                  "ConvictingCourt": undefined,
                  "CourtType": "MCA",
                  "DateSpecifiedInResult": undefined,
                  "Duration": [
                    {
                      "DurationLength": 12,
                      "DurationType": "Duration",
                      "DurationUnit": "M",
                    },
                  ],
                  "ModeOfTrialReason": "SUM",
                  "NextCourtType": undefined,
                  "NextHearingDate": undefined,
                  "NextHearingTime": undefined,
                  "NextResultSourceOrganisation": undefined,
                  "NumberOfOffencesTIC": undefined,
                  "NumberSpecifiedInResult": undefined,
                  "OffenceRemandStatus": undefined,
                  "PNCAdjudicationExists": undefined,
                  "PNCDisposalType": 1002,
                  "PleaStatus": "NG",
                  "ReasonForOffenceBailConditions": undefined,
                  "ResultApplicableQualifierCode": [],
                  "ResultClass": "Judgement with final result",
                  "ResultHalfLifeHours": 72,
                  "ResultHearingDate": 2011-10-01T00:00:00.000Z,
                  "ResultHearingType": "OTHER",
                  "ResultQualifierVariable": [],
                  "ResultVariableText": "Imprisonment for 12 Months",
                  "SourceOrganisation": {
                    "BottomLevelCode": "01",
                    "OrganisationUnitCode": "B01EF01",
                    "SecondLevelCode": "01",
                    "ThirdLevelCode": "EF",
                    "TopLevelCode": "B",
                  },
                  "Urgent": undefined,
                  "Verdict": "G",
                  "WarrantIssueDate": undefined,
                },
              ],
            },
          ],
          "OrganisationName": undefined,
          "PNCCheckname": undefined,
          "PNCIdentifier": undefined,
          "ReasonForBailConditions": undefined,
          "RemandStatus": "UB",
        },
        "ManualForceOwner": undefined,
        "PTIURN": "01ZD0300208",
        "PenaltyNoticeCaseReferenceNumber": undefined,
        "PreChargeDecisionIndicator": false,
        "RecordableOnPNCindicator": true,
        "Urgent": undefined,
      },
      "Hearing": {
        "CourtHearingLocation": {
          "BottomLevelCode": "01",
          "OrganisationUnitCode": "B01EF01",
          "SecondLevelCode": "01",
          "ThirdLevelCode": "EF",
          "TopLevelCode": "B",
        },
        "CourtHouseCode": 2576,
        "CourtHouseName": "Magistrates' Courts London Croydon",
        "CourtType": "MCA",
        "DateOfHearing": 2011-10-01T00:00:00.000Z,
        "DefendantPresentAtHearing": "A",
        "HearingDocumentationLanguage": "D",
        "HearingLanguage": "D",
        "SourceReference": {
          "DocumentName": "SPI Marcus Pinkerton",
          "DocumentType": "SPI Case Result",
          "UniqueID": "CID-a7428cb6-b0d7-4921-a2cf-3b767d4f4c49",
        },
        "TimeOfHearing": "10:00",
      },
    },
  },
  "Exceptions": [],
  "PncErrorMessage": undefined,
  "PncQuery": undefined,
  "PncQueryDate": undefined,
}
`;
